// Jest Snapshot v1, https://goo.gl/fbAQLP

exports[`Testing StatusBox Component 1`] = `
<div
  className="chat__messageList__statusBox"
>
  Test on
   - there 
  are
   
  123
   participants
</div>
`;
